// Jest Snapshot v1, https://goo.gl/fbAQLP

exports[`Server - e2e gets list of drayings\` 1`] = `
Object {
  "data": null,
  "errors": Array [
    Object {
      "extensions": Object {
        "code": "INTERNAL_SERVER_ERROR",
      },
      "locations": Array [
        Object {
          "column": 3,
          "line": 2,
        },
      ],
      "message": "Cannot read property '.DRAYINGAUTH' of undefined",
      "path": Array [
        "drayings",
      ],
    },
  ],
}
`;
